// Jest Snapshot v1, https://goo.gl/fbAQLP

exports[`generate 1`] = `
<View
  style={
    Array [
      Object {
        "alignItems": "center",
        "backgroundColor": "#1C1C1C",
        "flexBasis": 0,
        "flexGrow": 1,
        "flexShrink": 1,
        "justifyContent": "center",
      },
    ]
  }
>
  <ActivityIndicator
    animating={true}
    color="red"
    hidesWhenStopped={true}
    size={70}
  />
</View>
`;
